// Jest Snapshot v1, https://goo.gl/fbAQLP

exports[`FieldArrayItems should render items 1`] = `
<FieldArrayItems
  getKey={[Function]}
  render={[Function]}
>
  <FieldGroup
    accessor="0"
    key="0"
    name="0"
  >
    <Component
      name="a"
    >
      <Field
        name="a"
        render={[Function]}
      >
        <label>
          <div />
          <input
            name="a"
            onBlur={[Function]}
            onChange={[Function]}
            onFocus={[Function]}
            value={0}
          />
        </label>
      </Field>
    </Component>
  </FieldGroup>
  <FieldGroup
    accessor="1"
    key="1"
    name="1"
  >
    <Component
      name="a"
    >
      <Field
        name="a"
        render={[Function]}
      >
        <label>
          <div />
          <input
            name="a"
            onBlur={[Function]}
            onChange={[Function]}
            onFocus={[Function]}
            value={1}
          />
        </label>
      </Field>
    </Component>
  </FieldGroup>
  <FieldGroup
    accessor="2"
    key="2"
    name="2"
  >
    <Component
      name="a"
    >
      <Field
        name="a"
        render={[Function]}
      >
        <label>
          <div />
          <input
            name="a"
            onBlur={[Function]}
            onChange={[Function]}
            onFocus={[Function]}
            value={2}
          />
        </label>
      </Field>
    </Component>
  </FieldGroup>
</FieldArrayItems>
`;
